development-straight-1.npz 155 teacher_complete
development-straight-3.npz 171 teacher_complete
development-straight-0.npz 150 teacher_complete
development-straight-2.npz 171 teacher_complete
development-straight-4.npz 174 teacher_complete
development-straight-5.npz 162 teacher_complete
development-straight-6.npz 159 teacher_complete
development-straight-7.npz 171 teacher_complete
validation-straight-201.npz 162 teacher_complete
validation-straight-202.npz 169 teacher_complete
development-bend-0.npz 149 teacher_complete
development-bend-1.npz 147 teacher_complete
development-bend-3.npz 150 teacher_complete
development-bend-2.npz 145 teacher_complete
development-bend-4.npz 151 teacher_complete
development-bend-5.npz 155 teacher_complete
development-bend-6.npz 148 teacher_complete
development-bend-7.npz 150 teacher_complete
validation-bend-201.npz 156 teacher_complete
validation-bend-202.npz 147 teacher_complete
development-s_curve-0.npz 155 teacher_complete
development-s_curve-3.npz 144 teacher_complete
development-s_curve-1.npz 149 teacher_complete
development-s_curve-2.npz 144 teacher_complete
development-s_curve-5.npz 156 teacher_complete
development-s_curve-6.npz 151 teacher_complete
development-s_curve-7.npz 154 teacher_complete
development-s_curve-4.npz 163 teacher_complete
validation-s_curve-201.npz 164 teacher_complete
validation-s_curve-202.npz 147 teacher_complete
development-sharp-0.npz 156 teacher_complete
development-sharp-1.npz 157 teacher_complete
development-sharp-2.npz 151 teacher_complete
development-sharp-3.npz 149 teacher_complete
development-sharp-4.npz 157 teacher_complete
development-sharp-5.npz 160 teacher_complete
development-sharp-6.npz 157 teacher_complete
validation-sharp-202.npz 152 teacher_complete
validation-sharp-201.npz 157 teacher_complete
development-sharp-7.npz 158 teacher_complete
development-hairpin-0.npz 174 teacher_complete
development-hairpin-4.npz 183 teacher_complete
development-hairpin-2.npz 169 teacher_complete
development-hairpin-3.npz 165 teacher_complete
development-hairpin-1.npz 174 teacher_complete
development-hairpin-6.npz 172 teacher_complete
development-hairpin-5.npz 178 teacher_complete
development-hairpin-7.npz 173 teacher_complete
validation-hairpin-201.npz 183 teacher_complete
development-parallel-0.npz 151 teacher_complete
validation-hairpin-202.npz 169 teacher_complete
development-parallel-1.npz 155 teacher_complete
development-parallel-3.npz 169 teacher_complete
development-parallel-2.npz 172 teacher_complete
development-parallel-4.npz 173 teacher_complete
development-parallel-6.npz 160 teacher_complete
development-parallel-5.npz 162 teacher_complete
validation-parallel-201.npz 163 teacher_complete
development-parallel-7.npz 169 teacher_complete
validation-parallel-202.npz 170 teacher_complete
development-close_lines-1.npz 152 teacher_complete
development-close_lines-0.npz 156 teacher_complete
development-close_lines-4.npz 174 teacher_complete
development-close_lines-3.npz 169 teacher_complete
development-close_lines-2.npz 171 teacher_complete
development-close_lines-5.npz 167 teacher_complete
development-close_lines-6.npz 157 teacher_complete
development-close_lines-7.npz 168 teacher_complete
validation-close_lines-201.npz 166 teacher_complete
validation-close_lines-202.npz 172 teacher_complete
development-repeated-0.npz 668 teacher_complete
development-repeated-1.npz 656 teacher_complete
development-repeated-2.npz 644 teacher_complete
development-repeated-3.npz 627 teacher_complete
development-repeated-5.npz 672 teacher_complete
development-repeated-4.npz 680 teacher_complete
development-repeated-6.npz 660 teacher_complete
development-repeated-7.npz 663 teacher_complete
validation-repeated-201.npz 691 teacher_complete
validation-repeated-202.npz 650 teacher_complete
Collected 17870 frames
